// Jest Snapshot v1, https://goo.gl/fbAQLP

exports[`OutrageMergerService mergeOutrages should should merge real outrages 1`] = `
{
  "date": 2024-06-23T21:00:00.000Z,
  "region": "cherkasy",
  "shifts": [
    {
      "end": 2024-06-23T22:00:00.000Z,
      "queues": [
        {
          "lightStatus": 1,
          "queue": "1",
        },
        {
          "lightStatus": 1,
          "queue": "2",
        },
      ],
      "start": 2024-06-23T21:00:00.000Z,
    },
    {
      "end": 2024-06-23T23:00:00.000Z,
      "queues": [
        {
          "lightStatus": 1,
          "queue": "1",
        },
        {
          "lightStatus": 1,
          "queue": "2",
        },
      ],
      "start": 2024-06-23T22:00:00.000Z,
    },
    {
      "end": 2024-06-24T00:00:00.000Z,
      "queues": [
        {
          "lightStatus": 1,
          "queue": "3",
        },
        {
          "lightStatus": 1,
          "queue": "4",
        },
      ],
      "start": 2024-06-23T23:00:00.000Z,
    },
    {
      "end": 2024-06-24T01:00:00.000Z,
      "queues": [
        {
          "lightStatus": 1,
          "queue": "3",
        },
        {
          "lightStatus": 1,
          "queue": "4",
        },
      ],
      "start": 2024-06-24T00:00:00.000Z,
    },
    {
      "end": 2024-06-24T02:00:00.000Z,
      "queues": [
        {
          "lightStatus": 1,
          "queue": "5",
        },
        {
          "lightStatus": 1,
          "queue": "6",
        },
      ],
      "start": 2024-06-24T01:00:00.000Z,
    },
    {
      "end": 2024-06-24T03:00:00.000Z,
      "queues": [
        {
          "lightStatus": 1,
          "queue": "5",
        },
        {
          "lightStatus": 1,
          "queue": "6",
        },
      ],
      "start": 2024-06-24T02:00:00.000Z,
    },
    {
      "end": 2024-06-24T04:00:00.000Z,
      "queues": [
        {
          "lightStatus": 1,
          "queue": "1",
        },
        {
          "lightStatus": 1,
          "queue": "2",
        },
      ],
      "start": 2024-06-24T03:00:00.000Z,
    },
    {
      "end": 2024-06-24T05:00:00.000Z,
      "queues": [
        {
          "lightStatus": 1,
          "queue": "1",
        },
        {
          "lightStatus": 1,
          "queue": "2",
        },
      ],
      "start": 2024-06-24T04:00:00.000Z,
    },
    {
      "end": 2024-06-24T06:00:00.000Z,
      "queues": [
        {
          "lightStatus": 1,
          "queue": "3",
        },
        {
          "lightStatus": 1,
          "queue": "4",
        },
      ],
      "start": 2024-06-24T05:00:00.000Z,
    },
    {
      "end": 2024-06-24T07:00:00.000Z,
      "queues": [
        {
          "lightStatus": 1,
          "queue": "3",
        },
        {
          "lightStatus": 1,
          "queue": "4",
        },
      ],
      "start": 2024-06-24T06:00:00.000Z,
    },
    {
      "end": 2024-06-24T08:00:00.000Z,
      "queues": [
        {
          "lightStatus": 1,
          "queue": "5",
        },
        {
          "lightStatus": 1,
          "queue": "6",
        },
      ],
      "start": 2024-06-24T07:00:00.000Z,
    },
    {
      "end": 2024-06-24T09:00:00.000Z,
      "queues": [
        {
          "lightStatus": 1,
          "queue": "5",
        },
        {
          "lightStatus": 1,
          "queue": "6",
        },
      ],
      "start": 2024-06-24T08:00:00.000Z,
    },
    {
      "end": 2024-06-24T10:00:00.000Z,
      "queues": [
        {
          "lightStatus": 1,
          "queue": "1",
        },
        {
          "lightStatus": 1,
          "queue": "2",
        },
      ],
      "start": 2024-06-24T09:00:00.000Z,
    },
    {
      "end": 2024-06-24T11:00:00.000Z,
      "queues": [
        {
          "lightStatus": 1,
          "queue": "1",
        },
        {
          "lightStatus": 1,
          "queue": "2",
        },
        {
          "lightStatus": 1,
          "queue": "5",
        },
      ],
      "start": 2024-06-24T10:00:00.000Z,
    },
    {
      "end": 2024-06-24T12:00:00.000Z,
      "queues": [
        {
          "lightStatus": 1,
          "queue": "3",
        },
        {
          "lightStatus": 1,
          "queue": "4",
        },
        {
          "lightStatus": 1,
          "queue": "6",
        },
      ],
      "start": 2024-06-24T11:00:00.000Z,
    },
    {
      "end": 2024-06-24T13:00:00.000Z,
      "queues": [
        {
          "lightStatus": 1,
          "queue": "3",
        },
        {
          "lightStatus": 1,
          "queue": "4",
        },
        {
          "lightStatus": 1,
          "queue": "1",
        },
      ],
      "start": 2024-06-24T12:00:00.000Z,
    },
    {
      "end": 2024-06-24T14:00:00.000Z,
      "queues": [
        {
          "lightStatus": 1,
          "queue": "5",
        },
        {
          "lightStatus": 1,
          "queue": "6",
        },
        {
          "lightStatus": 1,
          "queue": "2",
        },
      ],
      "start": 2024-06-24T13:00:00.000Z,
    },
    {
      "end": 2024-06-24T15:00:00.000Z,
      "queues": [
        {
          "lightStatus": 1,
          "queue": "5",
        },
        {
          "lightStatus": 1,
          "queue": "6",
        },
        {
          "lightStatus": 1,
          "queue": "3",
        },
      ],
      "start": 2024-06-24T14:00:00.000Z,
    },
    {
      "end": 2024-06-24T16:00:00.000Z,
      "queues": [
        {
          "lightStatus": 1,
          "queue": "1",
        },
        {
          "lightStatus": 1,
          "queue": "2",
        },
        {
          "lightStatus": 1,
          "queue": "4",
        },
      ],
      "start": 2024-06-24T15:00:00.000Z,
    },
    {
      "end": 2024-06-24T17:00:00.000Z,
      "queues": [
        {
          "lightStatus": 1,
          "queue": "1",
        },
        {
          "lightStatus": 1,
          "queue": "2",
        },
        {
          "lightStatus": 1,
          "queue": "3",
        },
      ],
      "start": 2024-06-24T16:00:00.000Z,
    },
    {
      "end": 2024-06-24T18:00:00.000Z,
      "queues": [
        {
          "lightStatus": 1,
          "queue": "3",
        },
        {
          "lightStatus": 1,
          "queue": "4",
        },
        {
          "lightStatus": 1,
          "queue": "5",
        },
      ],
      "start": 2024-06-24T17:00:00.000Z,
    },
    {
      "end": 2024-06-24T19:00:00.000Z,
      "queues": [
        {
          "lightStatus": 1,
          "queue": "4",
        },
        {
          "lightStatus": 1,
          "queue": "5",
        },
        {
          "lightStatus": 1,
          "queue": "6",
        },
      ],
      "start": 2024-06-24T18:00:00.000Z,
    },
    {
      "end": 2024-06-24T20:00:00.000Z,
      "queues": [
        {
          "lightStatus": 1,
          "queue": "6",
        },
        {
          "lightStatus": 1,
          "queue": "1",
        },
        {
          "lightStatus": 1,
          "queue": "2",
        },
      ],
      "start": 2024-06-24T19:00:00.000Z,
    },
    {
      "end": 2024-06-24T21:00:00.000Z,
      "queues": [
        {
          "lightStatus": 1,
          "queue": "1",
        },
        {
          "lightStatus": 1,
          "queue": "2",
        },
      ],
      "start": 2024-06-24T20:00:00.000Z,
    },
  ],
  "type": "change",
}
`;
